src/components/shared/admin/Sidebar.tsx(8,3): error TS6133: 'BarChart3' is declared but its value is never read.
src/components/shared/auth/Login.tsx(9,5): error TS6133: 'handleGoogleLogin' is declared but its value is never read.
src/components/shared/chef/Footer.tsx(2,11): error TS6133: 'currentYear' is declared but its value is never read.
src/components/shared/chef/SideBar.chef.tsx(9,3): error TS6133: 'Pen' is declared but its value is never read.
src/components/shared/ChefReviewSection.tsx(16,18): error TS6133: 'setSortBy' is declared but its value is never read.
src/components/shared/foodie/Sidebar.foodie.tsx(2,59): error TS6133: 'Bot' is declared but its value is never read.
src/components/shared/NotificationBell.tsx(1,8): error TS6133: 'React' is declared but its value is never read.
src/components/shared/ReviewPage.tsx(1,8): error TS6133: 'React' is declared but its value is never read.
src/components/shared/ReviewPage.tsx(140,49): error TS2339: Property 'images' does not exist on type 'string | { _id: string; name: string; avatar?: string | undefined; }'.
  Property 'images' does not exist on type 'string'.
src/components/shared/ReviewPage.tsx(140,97): error TS2339: Property 'name' does not exist on type 'string | { _id: string; name: string; avatar?: string | undefined; }'.
  Property 'name' does not exist on type 'string'.
src/components/shared/ReviewPage.tsx(142,75): error TS2339: Property 'name' does not exist on type 'string | { _id: string; name: string; avatar?: string | undefined; }'.
  Property 'name' does not exist on type 'string'.
src/hooks/auth/useAdminLogin.tsx(2,25): error TS6133: 'loginApi' is declared but its value is never read.
src/pages/admin/BlogManagement.tsx(45,55): error TS2345: Argument of type 'FilterValue' is not assignable to parameter of type 'string'.
  Type 'number' is not assignable to type 'string'.
src/pages/admin/BlogManagement.tsx(129,9): error TS2322: Type 'Record<string, FilterValue>' is not assignable to type 'Record<string, string>'.
  'string' index signatures are incompatible.
    Type 'FilterValue' is not assignable to type 'string'.
      Type 'number' is not assignable to type 'string'.
src/pages/admin/ChefManagement.tsx(49,9): error TS2345: Argument of type 'FilterValue' is not assignable to parameter of type 'string | undefined'.
  Type 'number' is not assignable to type 'string'.
src/pages/admin/ChefManagement.tsx(136,9): error TS2322: Type 'Record<string, FilterValue>' is not assignable to type 'Record<string, string>'.
  'string' index signatures are incompatible.
    Type 'FilterValue' is not assignable to type 'string'.
      Type 'number' is not assignable to type 'string'.
src/pages/admin/FoodieManagement.tsx(38,57): error TS2345: Argument of type 'FilterValue' is not assignable to parameter of type 'string | undefined'.
  Type 'number' is not assignable to type 'string'.
src/pages/admin/FoodieManagement.tsx(101,9): error TS2322: Type 'Record<string, FilterValue>' is not assignable to type 'Record<string, string>'.
  'string' index signatures are incompatible.
    Type 'FilterValue' is not assignable to type 'string'.
      Type 'number' is not assignable to type 'string'.
src/pages/admin/FoodSpotManagement.tsx(50,65): error TS2345: Argument of type 'FilterValue' is not assignable to parameter of type 'string'.
  Type 'number' is not assignable to type 'string'.
src/pages/admin/FoodSpotManagement.tsx(160,17): error TS2322: Type 'Record<string, FilterValue>' is not assignable to type 'Record<string, string>'.
  'string' index signatures are incompatible.
    Type 'FilterValue' is not assignable to type 'string'.
      Type 'number' is not assignable to type 'string'.
src/pages/admin/RecipeManagement.tsx(48,9): error TS2345: Argument of type 'FilterValue' is not assignable to parameter of type 'string'.
  Type 'number' is not assignable to type 'string'.
src/pages/admin/RecipeManagement.tsx(127,9): error TS2322: Type 'Record<string, FilterValue>' is not assignable to type 'Record<string, string>'.
  'string' index signatures are incompatible.
    Type 'FilterValue' is not assignable to type 'string'.
      Type 'number' is not assignable to type 'string'.
src/pages/admin/WorkshopManagement.tsx(148,25): error TS2322: Type 'Record<string, FilterValue>' is not assignable to type 'Record<string, string>'.
  'string' index signatures are incompatible.
    Type 'FilterValue' is not assignable to type 'string'.
      Type 'number' is not assignable to type 'string'.
src/pages/chef/AddBlog.chef.tsx(53,23): error TS6133: 'setIsPublished' is declared but its value is never read.
src/pages/chef/BlogList.tsx(11,22): error TS6196: 'IBlogListResponse' is declared but never used.
src/pages/chef/EditWorkshop.chef.tsx(172,42): error TS2345: Argument of type '{ title: string; description: string; category: string; date: string; startTime: string; duration: number; participantLimit: number; mode: string; isFree: boolean; price: number; banner: string; location?: { ...; } | undefined; }' is not assignable to parameter of type 'Partial<ICreateWorkshop>'.
  Types of property 'mode' are incompatible.
    Type 'string' is not assignable to type 'WorkshopMode | undefined'.
src/pages/user/AddFoodSpot.foodie.tsx(342,18): error TS2304: Cannot find name 'MapLocationPicker'.
src/pages/user/AddProfile.foodie.tsx(8,1): error TS6133: 'useUserStore' is declared but its value is never read.
src/pages/user/AddProfile.foodie.tsx(23,36): error TS7006: Parameter 'e' implicitly has an 'any' type.
src/pages/user/AddProfile.foodie.tsx(67,31): error TS7006: Parameter 'e' implicitly has an 'any' type.
src/pages/user/AddProfile.foodie.tsx(150,46): error TS2322: Type 'string' is not assignable to type 'never'.
src/pages/user/ChefList.foodie.tsx(2,18): error TS6133: 'Star' is declared but its value is never read.
src/pages/user/EditProfile.tsx(5,16): error TS6133: 'Mail' is declared but its value is never read.
src/pages/user/EditProfile.tsx(12,12): error TS6133: 'email' is declared but its value is never read.
src/pages/user/EditProfile.tsx(49,38): error TS7006: Parameter 'e' implicitly has an 'any' type.
src/pages/user/EditProfile.tsx(94,33): error TS7006: Parameter 'e' implicitly has an 'any' type.
src/pages/user/EditProfile.tsx(201,62): error TS2322: Type 'string' is not assignable to type 'never'.
src/pages/user/FollowingList.foodie.tsx(4,30): error TS6133: 'ArrowLeft' is declared but its value is never read.
src/pages/user/FollowingList.foodie.tsx(4,56): error TS6133: 'X' is declared but its value is never read.
src/pages/user/MyFoodSpotsList.foodie.tsx(3,3): error TS6133: 'Search' is declared but its value is never read.
